To honour the JVM settings for this build a single-use Daemon process will be forked. For more on this, please refer to https://docs.gradle.org/8.13/userguide/gradle_daemon.html#sec:disabling_the_daemon in the Gradle documentation.
Daemon will be stopped at the end of the build 

> Configure project :app
WARNING: Using flatDir should be avoided because it doesn't support any meta-data formats.

> Task :app:preBuild UP-TO-DATE
> Task :app:preReleaseBuild UP-TO-DATE
> Task :app:mergeReleaseJniLibFolders UP-TO-DATE
> Task :capacitor-android:preBuild UP-TO-DATE
> Task :capacitor-android:preReleaseBuild UP-TO-DATE
> Task :capacitor-android:mergeReleaseJniLibFolders UP-TO-DATE
> Task :capacitor-android:mergeReleaseNativeLibs NO-SOURCE
> Task :capacitor-android:copyReleaseJniLibsProjectOnly UP-TO-DATE
> Task :capacitor-local-notifications:preBuild UP-TO-DATE
> Task :capacitor-local-notifications:preReleaseBuild UP-TO-DATE
> Task :capacitor-local-notifications:mergeReleaseJniLibFolders UP-TO-DATE
> Task :capacitor-local-notifications:mergeReleaseNativeLibs NO-SOURCE
> Task :capacitor-local-notifications:copyReleaseJniLibsProjectOnly UP-TO-DATE
> Task :app:mergeReleaseNativeLibs NO-SOURCE
> Task :app:stripReleaseDebugSymbols NO-SOURCE
> Task :app:extractReleaseNativeSymbolTables NO-SOURCE
> Task :app:mergeReleaseNativeDebugMetadata NO-SOURCE
> Task :capacitor-android:generateReleaseResValues UP-TO-DATE
> Task :capacitor-android:generateReleaseResources UP-TO-DATE
> Task :capacitor-android:packageReleaseResources UP-TO-DATE
> Task :capacitor-android:processReleaseNavigationResources UP-TO-DATE
> Task :capacitor-android:parseReleaseLocalResources UP-TO-DATE
> Task :capacitor-android:generateReleaseRFile UP-TO-DATE
> Task :capacitor-android:javaPreCompileRelease UP-TO-DATE
> Task :capacitor-android:compileReleaseJavaWithJavac UP-TO-DATE
> Task :capacitor-android:bundleLibCompileToJarRelease UP-TO-DATE
> Task :capacitor-local-notifications:generateReleaseResValues UP-TO-DATE
> Task :capacitor-local-notifications:generateReleaseResources UP-TO-DATE
> Task :capacitor-local-notifications:packageReleaseResources UP-TO-DATE
> Task :capacitor-local-notifications:processReleaseNavigationResources UP-TO-DATE
> Task :capacitor-local-notifications:parseReleaseLocalResources UP-TO-DATE
> Task :capacitor-local-notifications:generateReleaseRFile UP-TO-DATE
> Task :capacitor-local-notifications:javaPreCompileRelease UP-TO-DATE
> Task :capacitor-local-notifications:compileReleaseJavaWithJavac UP-TO-DATE
> Task :capacitor-local-notifications:bundleLibRuntimeToJarRelease UP-TO-DATE
> Task :capacitor-android:bundleLibRuntimeToJarRelease UP-TO-DATE
> Task :app:checkReleaseDuplicateClasses UP-TO-DATE
> Task :app:javaPreCompileRelease UP-TO-DATE
> Task :capacitor-android:writeReleaseAarMetadata UP-TO-DATE
> Task :capacitor-local-notifications:writeReleaseAarMetadata UP-TO-DATE
> Task :app:checkReleaseAarMetadata UP-TO-DATE
> Task :app:processReleaseNavigationResources UP-TO-DATE
> Task :app:compileReleaseNavigationResources UP-TO-DATE
> Task :app:generateReleaseResValues UP-TO-DATE
> Task :app:mapReleaseSourceSetPaths UP-TO-DATE
> Task :app:generateReleaseResources UP-TO-DATE
> Task :app:mergeReleaseResources UP-TO-DATE
> Task :app:packageReleaseResources UP-TO-DATE
> Task :app:parseReleaseLocalResources UP-TO-DATE
> Task :app:createReleaseCompatibleScreenManifests UP-TO-DATE
> Task :app:extractDeepLinksRelease UP-TO-DATE
> Task :capacitor-android:extractDeepLinksRelease UP-TO-DATE
> Task :capacitor-android:processReleaseManifest UP-TO-DATE
> Task :capacitor-local-notifications:extractDeepLinksRelease UP-TO-DATE
> Task :capacitor-local-notifications:processReleaseManifest UP-TO-DATE
> Task :app:processReleaseMainManifest UP-TO-DATE
> Task :app:processReleaseManifest UP-TO-DATE
> Task :app:processReleaseManifestForPackage UP-TO-DATE
> Task :capacitor-android:compileReleaseLibraryResources UP-TO-DATE
> Task :capacitor-local-notifications:compileReleaseLibraryResources UP-TO-DATE
> Task :app:processReleaseResources UP-TO-DATE
> Task :capacitor-local-notifications:bundleLibCompileToJarRelease UP-TO-DATE
> Task :app:compileReleaseJavaWithJavac UP-TO-DATE
> Task :app:dexBuilderRelease UP-TO-DATE
> Task :app:desugarReleaseFileDependencies UP-TO-DATE
> Task :app:mergeReleaseStartupProfile UP-TO-DATE
> Task :app:mergeExtDexRelease UP-TO-DATE
> Task :app:mergeDexRelease UP-TO-DATE
> Task :capacitor-android:prepareReleaseArtProfile UP-TO-DATE
> Task :capacitor-local-notifications:prepareReleaseArtProfile UP-TO-DATE
> Task :app:mergeReleaseArtProfile UP-TO-DATE
> Task :app:mergeReleaseGlobalSynthetics UP-TO-DATE
> Task :app:compileReleaseArtProfile UP-TO-DATE
> Task :app:mergeReleaseShaders UP-TO-DATE
> Task :app:compileReleaseShaders NO-SOURCE
> Task :app:generateReleaseAssets UP-TO-DATE
> Task :capacitor-android:mergeReleaseShaders UP-TO-DATE
> Task :capacitor-android:compileReleaseShaders NO-SOURCE
> Task :capacitor-android:generateReleaseAssets UP-TO-DATE
> Task :capacitor-android:mergeReleaseAssets UP-TO-DATE
> Task :capacitor-local-notifications:mergeReleaseShaders UP-TO-DATE
> Task :capacitor-local-notifications:compileReleaseShaders NO-SOURCE
> Task :capacitor-local-notifications:generateReleaseAssets UP-TO-DATE
> Task :capacitor-local-notifications:mergeReleaseAssets UP-TO-DATE
> Task :app:mergeReleaseAssets UP-TO-DATE
> Task :app:extractReleaseVersionControlInfo UP-TO-DATE
> Task :app:extractProguardFiles UP-TO-DATE
> Task :capacitor-android:processReleaseJavaRes NO-SOURCE
> Task :capacitor-android:createFullJarRelease UP-TO-DATE
> Task :capacitor-android:extractProguardFiles UP-TO-DATE
> Task :capacitor-android:generateReleaseLintModel
> Task :capacitor-android:prepareLintJarForPublish UP-TO-DATE
> Task :capacitor-local-notifications:processReleaseJavaRes NO-SOURCE
> Task :capacitor-local-notifications:createFullJarRelease
> Task :capacitor-local-notifications:extractProguardFiles
> Task :capacitor-local-notifications:generateReleaseLintModel
> Task :capacitor-local-notifications:prepareLintJarForPublish
> Task :capacitor-local-notifications:checkReleaseAarMetadata
> Task :app:compressReleaseAssets
> Task :app:generateReleaseLintVitalReportModel
> Task :capacitor-local-notifications:stripReleaseDebugSymbols NO-SOURCE
> Task :capacitor-local-notifications:copyReleaseJniLibsProjectAndLocalJars
> Task :capacitor-local-notifications:extractDeepLinksForAarRelease
> Task :capacitor-local-notifications:extractReleaseAnnotations
> Task :capacitor-local-notifications:mergeReleaseGeneratedProguardFiles
> Task :capacitor-local-notifications:mergeReleaseConsumerProguardFiles
> Task :capacitor-android:stripReleaseDebugSymbols NO-SOURCE
> Task :capacitor-android:checkReleaseAarMetadata
> Task :capacitor-android:copyReleaseJniLibsProjectAndLocalJars
> Task :capacitor-android:extractDeepLinksForAarRelease UP-TO-DATE
> Task :capacitor-local-notifications:mergeReleaseJavaResource
> Task :capacitor-android:extractReleaseAnnotations
> Task :capacitor-local-notifications:syncReleaseLibJars
> Task :capacitor-local-notifications:bundleReleaseLocalLintAar
> Task :capacitor-android:mergeReleaseGeneratedProguardFiles UP-TO-DATE
> Task :capacitor-android:mergeReleaseConsumerProguardFiles
> Task :capacitor-android:mergeReleaseJavaResource
> Task :capacitor-android:syncReleaseLibJars
> Task :capacitor-android:bundleReleaseLocalLintAar
> Task :capacitor-android:writeReleaseLintModelMetadata
> Task :capacitor-local-notifications:writeReleaseLintModelMetadata
> Task :capacitor-android:generateReleaseLintVitalModel
> Task :capacitor-local-notifications:generateReleaseLintVitalModel
> Task :app:processReleaseJavaRes NO-SOURCE
> Task :app:mergeReleaseJavaResource UP-TO-DATE
> Task :app:collectReleaseDependencies
> Task :app:sdkReleaseDependencyData
> Task :app:writeReleaseAppMetadata UP-TO-DATE
> Task :app:writeReleaseSigningConfigVersions
> Task :capacitor-android:bundleReleaseAar
> Task :capacitor-android:mapReleaseSourceSetPaths
> Task :capacitor-local-notifications:lintVitalAnalyzeRelease
> Task :capacitor-android:lintVitalAnalyzeRelease
> Task :app:optimizeReleaseResources
> Task :capacitor-android:mergeReleaseResources
> Task :capacitor-local-notifications:bundleReleaseAar
> Task :capacitor-local-notifications:mapReleaseSourceSetPaths
> Task :app:lintVitalAnalyzeRelease
> Task :capacitor-android:verifyReleaseResources
> Task :capacitor-local-notifications:mergeReleaseResources
> Task :capacitor-android:assembleRelease
> Task :app:lintVitalReportRelease
> Task :app:lintVitalRelease
> Task :capacitor-local-notifications:verifyReleaseResources
> Task :app:packageRelease
> Task :app:createReleaseApkListingFileRedirect
> Task :app:assembleRelease
> Task :capacitor-local-notifications:assembleRelease

[Incubating] Problems report is available at: file:///G:/Otros%20ordenadores/Mi%20PC/Documents/SCRIPTS/SKIPPIFY/android/build/reports/problems/problems-report.html

Deprecated Gradle features were used in this build, making it incompatible with Gradle 9.0.

You can use '--warning-mode all' to show the individual deprecation warnings and determine if they come from your own scripts or plugins.

For more on this, please refer to https://docs.gradle.org/8.13/userguide/command_line_interface.html#sec:command_line_warnings in the Gradle documentation.

BUILD SUCCESSFUL in 7m 6s
122 actionable tasks: 46 executed, 76 up-to-date
